// Jest Snapshot v1, https://goo.gl/fbAQLP

exports[`handleLoginRequest Saga should call the loginPageActions.loginFailure action if the response errors 1`] = `
Object {
  "@@redux-saga/IO": true,
  "SELECT": Object {
    "args": Array [],
    "selector": [Function],
  },
}
`;

exports[`handleLoginRequest Saga should call the loginPageActions.loginFailure action if the response errors 2`] = `
Object {
  "@@redux-saga/IO": true,
  "CALL": Object {
    "args": Array [
      "/login",
      undefined,
      "the-credential",
    ],
    "context": null,
    "fn": [Function],
  },
}
`;

exports[`handleLoginRequest Saga should dispatch the loginPageActions.loginSuccess action if it requests the credential successfully 1`] = `
Object {
  "@@redux-saga/IO": true,
  "SELECT": Object {
    "args": Array [],
    "selector": [Function],
  },
}
`;

exports[`handleLoginRequest Saga should dispatch the loginPageActions.loginSuccess action if it requests the credential successfully 2`] = `
Object {
  "@@redux-saga/IO": true,
  "CALL": Object {
    "args": Array [
      "/login",
      undefined,
      "the-credential",
    ],
    "context": null,
    "fn": [Function],
  },
}
`;
